[www.resultchecker.com.ng/index.html]
[www.resultchecker.com.ng/assets/images/logopit-1579212752175-1-122x115-122x115-2.png]
[backblue.gif]
[fade.gif]
[index.html]
[www.resultchecker.com.ng/assets/web/assets/mobirise-icons/mobirise-icons.css]
[www.resultchecker.com.ng/assets/web/assets/mobirise-icons2/mobirise2.css]
[www.resultchecker.com.ng/assets/bootstrap/css/bootstrap.min.css]
[www.resultchecker.com.ng/assets/bootstrap/css/bootstrap-grid.min.css]
[www.resultchecker.com.ng/assets/bootstrap/css/bootstrap-reboot.min.css]
[www.resultchecker.com.ng/assets/dropdown/css/style.css]
[www.resultchecker.com.ng/assets/socicon/css/styles.css]
[www.resultchecker.com.ng/assets/theme/css/style.css]
[www.resultchecker.com.ng/assets/mobirise/css/mbr-additional.css]
[www.resultchecker.com.ng/assets/images/logopit-1579212752175-1-122x115.png]
[www.resultchecker.com.ng/hiw.html]
[www.resultchecker.com.ng/pricing.html]
[www.resultchecker.com.ng/reseller.html]
[www.resultchecker.com.ng/join-reseller.html]
[www.resultchecker.com.ng/offline-school-result-builder-software.html]
[www.resultchecker.com.ng/school-portal-script.html]
[www.resultchecker.com.ng/result-checker-script.html]
[www.resultchecker.com.ng/faq.html]
[www.resultchecker.com.ng/signup.html]
[www.resultchecker.com.ng/login.html]
[www.resultchecker.com.ng/assets/images/mbr-1328x891.jpg]
[www.resultchecker.com.ng/assets/web/assets/jquery/jquery.min.js]
[www.resultchecker.com.ng/assets/popper/popper.min.js]
[www.resultchecker.com.ng/assets/bootstrap/js/bootstrap.min.js]
[www.resultchecker.com.ng/assets/smoothscroll/smooth-scroll.js]
[www.resultchecker.com.ng/assets/dropdown/js/nav-dropdown.js]
[www.resultchecker.com.ng/assets/dropdown/js/navbar-dropdown.js]
[www.resultchecker.com.ng/assets/touchswipe/jquery.touch-swipe.min.js]
[www.resultchecker.com.ng/assets/web/assets/cookies-alert-plugin/cookies-alert-core.js]
[www.resultchecker.com.ng/assets/web/assets/cookies-alert-plugin/cookies-alert-script.js]
[www.resultchecker.com.ng/assets/bootstrapcarouselswipe/bootstrap-carousel-swipe.js]
[www.resultchecker.com.ng/assets/mbr-testimonials-slider/mbr-testimonials-slider.js]
[www.resultchecker.com.ng/assets/parallax/jarallax.min.js]
[www.resultchecker.com.ng/assets/theme/js/script.js]
[www.resultchecker.com.ng/assets/formoid/formoid.min.js]
[www.resultchecker.com.ng/index.html]
[www.resultchecker.com.ng/assets/web/assets/mobirise-icons/mobirise-icons0e1c.eot]
[www.resultchecker.com.ng/assets/web/assets/mobirise-icons/mobirise-icons0e1c.ttf]
[www.resultchecker.com.ng/assets/web/assets/mobirise-icons/mobirise-icons0e1c.woff]
[www.resultchecker.com.ng/assets/web/assets/mobirise-icons/mobirise-icons.css]
[www.resultchecker.com.ng/assets/web/assets/mobirise-icons2/mobirise21e04.eot]
[www.resultchecker.com.ng/assets/web/assets/mobirise-icons/mobirise-icons0e1c.svg]
[www.resultchecker.com.ng/assets/web/assets/mobirise-icons2/mobirise21e04.ttf]
[www.resultchecker.com.ng/assets/web/assets/mobirise-icons2/mobirise21e04.woff]
[www.resultchecker.com.ng/assets/web/assets/mobirise-icons2/mobirise2.css]
[www.resultchecker.com.ng/assets/bootstrap/css/bootstrap.min.css]
[www.resultchecker.com.ng/assets/bootstrap/css/bootstrap-grid.min.css]
[www.resultchecker.com.ng/assets/bootstrap/css/bootstrap-reboot.min.css]
[www.resultchecker.com.ng/assets/dropdown/css/style.css]
[www.resultchecker.com.ng/assets/web/assets/mobirise-icons2/mobirise21e04.svg]
[www.resultchecker.com.ng/assets/socicon/fonts/socicon.eot]
[www.resultchecker.com.ng/assets/socicon/fonts/socicond41d.eot]
[www.resultchecker.com.ng/assets/socicon/fonts/socicon.woff2]
[www.resultchecker.com.ng/assets/socicon/fonts/socicon.ttf]
[www.resultchecker.com.ng/assets/socicon/fonts/socicon.woff]
[www.resultchecker.com.ng/assets/socicon/css/styles.css]
[www.resultchecker.com.ng/assets/theme/css/style.css]
[www.resultchecker.com.ng/assets/formoid-css/recaptcha.css]
[www.resultchecker.com.ng/assets/images/mbr-1920x1279.jpg]
[www.resultchecker.com.ng/assets/socicon/fonts/socicon.svg]
[www.resultchecker.com.ng/assets/images/background3.jpg]
[www.resultchecker.com.ng/assets/images/mbr.jpg]
[www.resultchecker.com.ng/assets/mobirise/css/mbr-additional.css]
[www.resultchecker.com.ng/hiw.html]
[www.resultchecker.com.ng/pricing.html]
[www.resultchecker.com.ng/assets/datatables/data-tables.bootstrap4.min.css]
[www.resultchecker.com.ng/reseller.html]
[www.resultchecker.com.ng/index-3.html]
[www.resultchecker.com.ng/assets/images/join-reseller.php-meta.jpg]
[www.resultchecker.com.ng/resetpass.html]
[www.resultchecker.com.ng/join-reseller.html]
[www.resultchecker.com.ng/assets/images/offline-school-result-builder-software.php-meta.jpg]
[www.resultchecker.com.ng/assets/images/builder-1080x504.png]
[www.resultchecker.com.ng/offline-school-result-builder-software.html]
[www.resultchecker.com.ng/assets/web/assets/mobirise-icons-bold/mobirise-icons-bold.css]
[www.resultchecker.com.ng/assets/formstyler/jquery.formstyler.css]
[www.resultchecker.com.ng/assets/formstyler/jquery.formstyler.theme.css]
[www.resultchecker.com.ng/assets/datepicker/jquery.datetimepicker.min.css]
[www.resultchecker.com.ng/assets/images/mbr.png]
[www.resultchecker.com.ng/assets/images/mbr-1.jpg]
[www.resultchecker.com.ng/assets/formstyler/jquery.formstyler.js]
[www.resultchecker.com.ng/assets/formstyler/jquery.formstyler.min.js]
[www.resultchecker.com.ng/school-portal-script.html]
[www.resultchecker.com.ng/assets/datepicker/jquery.datetimepicker.full.js]
[www.resultchecker.com.ng/assets/images/result-checker-script.php-meta.jpg]
[www.resultchecker.com.ng/assets/images/mbr-1-1350x900.jpg]
[www.resultchecker.com.ng/API_interface.zip]
[www.resultchecker.com.ng/result-checker-script.html]
[www.resultchecker.com.ng/assets/mbr-switch-arrow/mbr-switch-arrow.js]
[www.resultchecker.com.ng/faq.html]
[www.resultchecker.com.ng/assets/images/signup.php-meta.jpg]
[www.resultchecker.com.ng/signup.html]
[www.resultchecker.com.ng/assets/images/login.php-meta.jpg]
[www.resultchecker.com.ng/login.html]
[www.resultchecker.com.ng/assets/web/assets/mobirise-icons/mobirise-icons0e1c.svg]
[www.resultchecker.com.ng/assets/web/assets/mobirise-icons2/mobirise21e04.svg]
[www.resultchecker.com.ng/assets/socicon/fonts/socicon.svg]
[www.resultchecker.com.ng/index-2.html]
[www.resultchecker.com.ng/assets/datatables/data-tables.bootstrap4.min.css]
[www.resultchecker.com.ng/index-3.html]
[www.resultchecker.com.ng/assets/images/resetpass.php-meta.jpg]
[www.resultchecker.com.ng/resetpass.html]
[www.resultchecker.com.ng/assets/web/assets/mobirise-icons-bold/mobirise-icons-bold84ca.eot]
[www.resultchecker.com.ng/assets/web/assets/mobirise-icons-bold/mobirise-icons-bold84ca.ttf]
[www.resultchecker.com.ng/assets/web/assets/mobirise-icons-bold/mobirise-icons-bold84ca.woff]
[www.resultchecker.com.ng/assets/web/assets/mobirise-icons-bold/mobirise-icons-bold.css]
[www.resultchecker.com.ng/assets/formstyler/jquery.formstyler.css]
[www.resultchecker.com.ng/assets/formstyler/jquery.formstyler.theme.css]
[www.resultchecker.com.ng/assets/datepicker/jquery.datetimepicker.min.css]
[www.resultchecker.com.ng/assets/web/assets/mobirise-icons-bold/mobirise-icons-bold84ca.svg]
[www.resultchecker.com.ng/assets/web/assets/mobirise-icons-bold/mobirise-icons-bold84ca.svg]
